
> lazybull1@0.1.0 build
> next build

⚠ Warning: Next.js inferred your workspace root, but it may not be correct.
 We detected multiple lockfiles and selected the directory of /Users/shaurya555/package-lock.json as the root directory.
 To silence this warning, set `turbopack.root` in your Next.js config, or consider removing one of the lockfiles if it's not needed.
   See https://nextjs.org/docs/app/api-reference/config/next-config-js/turbopack#root-directory for more information.
 Detected additional lockfiles: 
   * /Users/shaurya555/Desktop/lazybull1/package-lock.json

▲ Next.js 16.2.4 (Turbopack)
- Environments: .env.local

  Creating an optimized production build ...

> Build error occurred
Error: Turbopack build failed with 1 errors:
./Desktop/lazybull1/node_modules/recharts/es6/util/ReactUtils.js:3:1
Module not found: Can't resolve 'react-is'
  [90m1 |[0m [36mimport[0m get [36mfrom[0m [32m'es-toolkit/compat/get'[0m;
  [90m2 |[0m [36mimport[0m { [33mChildren[0m } [36mfrom[0m [32m'react'[0m;
[31m[1m>[0m [90m3 |[0m [36mimport[0m { isFragment } [36mfrom[0m [32m'react-is'[0m;
  [90m  |[0m [31m[1m^^^^^^^^^^^^^^^^^^^^^^^^^^^^^^^^^^^^^^[0m
  [90m4 |[0m [36mimport[0m { isNullish } [36mfrom[0m [32m'./DataUtils'[0m;
  [90m5 |[0m [36mexport[0m [36mvar[0m [33mSCALE_TYPES[0m = [[32m'auto'[0m, [32m'linear'[0m, [32m'pow'[0m, [32m'sqrt'[0m, [32m'log'[0m, [32m'iden...[0m
  [90m6 |[0m



Import traces:
  Client Component Browser:
    ./Desktop/lazybull1/node_modules/recharts/es6/util/ReactUtils.js [Client Component Browser]
    ./Desktop/lazybull1/node_modules/recharts/es6/cartesian/Line.js [Client Component Browser]
    ./Desktop/lazybull1/components/options-chain/PnLDiagram.tsx [Client Component Browser]
    ./Desktop/lazybull1/components/options-chain/StrategyCard.tsx [Client Component Browser]
    ./Desktop/lazybull1/app/trade/chain/page.tsx [Client Component Browser]
    ./Desktop/lazybull1/app/trade/chain/page.tsx [Server Component]

  Client Component SSR:
    ./Desktop/lazybull1/node_modules/recharts/es6/util/ReactUtils.js [Client Component SSR]
    ./Desktop/lazybull1/node_modules/recharts/es6/cartesian/Line.js [Client Component SSR]
    ./Desktop/lazybull1/components/options-chain/PnLDiagram.tsx [Client Component SSR]
    ./Desktop/lazybull1/components/options-chain/StrategyCard.tsx [Client Component SSR]
    ./Desktop/lazybull1/app/trade/chain/page.tsx [Client Component SSR]
    ./Desktop/lazybull1/app/trade/chain/page.tsx [Server Component]

https://nextjs.org/docs/messages/module-not-found


    at <unknown> (https://nextjs.org/docs/messages/module-not-found)
